// Jest Snapshot v1, https://goo.gl/fbAQLP

exports[`SearchInput should render SearchInput component 1`] = `
<DocumentFragment>
  <input
    class="search-input"
    data-testid="search-input"
    type="text"
    value=""
  />
</DocumentFragment>
`;
