// Jest Snapshot v1, https://goo.gl/fbAQLP

exports[`App should render App component 1`] = `
<DocumentFragment>
  <h1
    class="title"
    data-testid="title"
  >
    Welcome to my boilerplate
  </h1>
</DocumentFragment>
`;
